# 
# 2015-01-11[ 0:10] 
# 

HSRCS = $(HSRCS) \
			.\StdAfx.h \
			.\UIlib.h \

HSRCS = $(HSRCS) \
			Control\UIActiveX.h \
			Control\UIButton.h \
			Control\UICheckBox.h \
			Control\UICombo.h \
			Control\UIComboBox.h \
			Control\UIDateTime.h \
			Control\UIEdit.h \
			Control\UIFlash.h \
			Control\UILabel.h \
			Control\UIList.h \
			Control\UIOption.h \
			Control\UIProgress.h \
			Control\UIRichEdit.h \
			Control\UIScrollBar.h \
			Control\UISlider.h \
			Control\UIText.h \
			Control\UITreeView.h \
			Control\UIWebBrowser.h \

HSRCS = $(HSRCS) \
			Utils\downloadmgr.h \
			Utils\FlashEventHandler.h \
			Utils\UIDelegate.h \
			Utils\Utils.h \
			Utils\WebBrowserEventHandler.h \
			Utils\WinImplBase.h \

HSRCS = $(HSRCS) \
			CORE\UIBase.h \
			CORE\UIContainer.h \
			CORE\UIControl.h \
			CORE\UIDefine.h \
			CORE\UIDlgBuilder.h \
			CORE\UIManager.h \
			CORE\UIMarkup.h \
			CORE\UIRender.h \

HSRCS = $(HSRCS) \
			Layout\UIChildLayout.h \
			Layout\UIHorizontalLayout.h \
			Layout\UITabLayout.h \
			Layout\UITileLayout.h \
			Layout\UIVerticalLayout.h \

CPPSRCS = $(CPPSRCS) \
			.\StdAfx.cpp \
			.\UIlib.cpp \

CPPSRCS = $(CPPSRCS) \
			Control\UIActiveX.cpp \
			Control\UIButton.cpp \
			Control\UICheckBox.cpp \
			Control\UICombo.cpp \
			Control\UIComboBox.cpp \
			Control\UIDateTime.cpp \
			Control\UIEdit.cpp \
			Control\UIFlash.cpp \
			Control\UILabel.cpp \
			Control\UIList.cpp \
			Control\UIOption.cpp \
			Control\UIProgress.cpp \
			Control\UIRichEdit.cpp \
			Control\UIScrollBar.cpp \
			Control\UISlider.cpp \
			Control\UIText.cpp \
			Control\UITreeView.cpp \
			Control\UIWebBrowser.cpp \

CPPSRCS = $(CPPSRCS) \
			Utils\UIDelegate.cpp \
			Utils\Utils.cpp \
			Utils\WinImplBase.cpp \
			Utils\XUnzip.cpp \

CPPSRCS = $(CPPSRCS) \
			CORE\UIBase.cpp \
			CORE\UIContainer.cpp \
			CORE\UIControl.cpp \
			CORE\UIDlgBuilder.cpp \
			CORE\UIManager.cpp \
			CORE\UIMarkup.cpp \
			CORE\UIRender.cpp \

CPPSRCS = $(CPPSRCS) \
			Layout\UIChildLayout.cpp \
			Layout\UIHorizontalLayout.cpp \
			Layout\UITabLayout.cpp \
			Layout\UITileLayout.cpp \
			Layout\UIVerticalLayout.cpp \

CSRCS = $(CSRCS) \
			Utils\stb_image.c \

OBJS = $(OBJS) \
			 $(OUTDIR)\StdAfx.obj $(OUTDIR)\UIlib.obj $(OUTDIR)\UIActiveX.obj $(OUTDIR)\UIButton.obj $(OUTDIR)\UICheckBox.obj $(OUTDIR)\UICombo.obj $(OUTDIR)\UIComboBox.obj $(OUTDIR)\UIDateTime.obj $(OUTDIR)\UIEdit.obj $(OUTDIR)\UIFlash.obj $(OUTDIR)\UILabel.obj $(OUTDIR)\UIList.obj $(OUTDIR)\UIOption.obj $(OUTDIR)\UIProgress.obj $(OUTDIR)\UIRichEdit.obj $(OUTDIR)\UIScrollBar.obj $(OUTDIR)\UISlider.obj $(OUTDIR)\UIText.obj $(OUTDIR)\UITreeView.obj $(OUTDIR)\UIWebBrowser.obj $(OUTDIR)\UIDelegate.obj $(OUTDIR)\Utils.obj $(OUTDIR)\WinImplBase.obj $(OUTDIR)\XUnzip.obj $(OUTDIR)\UIBase.obj $(OUTDIR)\UIContainer.obj $(OUTDIR)\UIControl.obj $(OUTDIR)\UIDlgBuilder.obj $(OUTDIR)\UIManager.obj $(OUTDIR)\UIMarkup.obj $(OUTDIR)\UIRender.obj $(OUTDIR)\UIChildLayout.obj $(OUTDIR)\UIHorizontalLayout.obj $(OUTDIR)\UITabLayout.obj $(OUTDIR)\UITileLayout.obj $(OUTDIR)\UIVerticalLayout.obj $(OUTDIR)\stb_image.obj

